[audit] device=cuda dtype=torch.bfloat16 mode=plan length_scale=None
The argument `trust_remote_code` is to be used with Auto classes. It has no effect here and is ignored.
Loading checkpoint shards:   0%|          | 0/4 [00:00<?, ?it/s]Loading checkpoint shards:  25%|██▌       | 1/4 [00:00<00:00,  8.36it/s]Loading checkpoint shards:  75%|███████▌  | 3/4 [00:00<00:00,  9.72it/s]Loading checkpoint shards: 100%|██████████| 4/4 [00:00<00:00,  9.94it/s]
/home/ckim151/planned-diffusion/.venv/lib/python3.12/site-packages/transformers/generation/configuration_utils.py:629: UserWarning: `do_sample` is set to `False`. However, `temperature` is set to `0.0` -- this flag is only used in sample-based generation modes. You should set `do_sample=True` or unset `temperature`. This was detected when initializing the generation config instance, which means the corresponding file may hold incorrect parameterization and should be fixed.
  warnings.warn(
/home/ckim151/planned-diffusion/.venv/lib/python3.12/site-packages/transformers/generation/configuration_utils.py:629: UserWarning: `do_sample` is set to `False`. However, `temperature` is set to `0.0` -- this flag is only used in sample-based generation modes. You should set `do_sample=True` or unset `temperature`.
  warnings.warn(
[audit] 0 already done in audit/results/plan_default.jsonl
[0] ok                 k=1   l=[50] 0.7s (plan 0.7s)
[1] ok                 k=1   l=[50] 0.2s (plan 0.2s)
[2] ok                 k=10  l=[40, 50, 30, 50, 70, 70, 50, 50, 40, 50] 1.8s (plan 1.8s)
[3] ok                 k=4   l=[40, 20, 20, 30] 0.8s (plan 0.8s)
[4] ok                 k=5   l=[40, 70, 30, 30, 40] 0.8s (plan 0.8s)
[5] ok                 k=8   l=[30, 60, 40, 70, 70, 50, 40, 20] 1.5s (plan 1.5s)
[6] ok                 k=3   l=[10, 30, 30] 0.6s (plan 0.6s)
[7] ok                 k=8   l=[80, 100, 90, 90, 60, 80, 70, 50] 1.4s (plan 1.4s)
[8] ok                 k=3   l=[10, 40, 20] 0.5s (plan 0.5s)
[9] ok                 k=4   l=[30, 40, 30, 30] 0.6s (plan 0.6s)
[10] ok                 k=5   l=[20, 30, 30, 50, 60] 0.9s (plan 0.9s)
[11] ok                 k=1   l=[20] 0.2s (plan 0.2s)
[12] ok                 k=2   l=[20, 70] 0.3s (plan 0.3s)
[13] ok                 k=3   l=[40, 70, 20] 0.5s (plan 0.5s)
[14] ok                 k=5   l=[30, 20, 40, 50, 30] 1.0s (plan 1.0s)
[15] ok                 k=1   l=[20] 0.2s (plan 0.2s)
[16] ok                 k=14  l=[20, 70, 70, 70, 70, 70, 70, 60, 60, 50, 60, 60, 60, 70] 3.1s (plan 3.1s)
[17] ok                 k=2   l=[30, 20] 0.4s (plan 0.4s)
[18] ok                 k=3   l=[10, 30, 20] 0.5s (plan 0.5s)
[19] ok                 k=1   l=[30] 0.2s (plan 0.2s)
[20] ok                 k=2   l=[40, 10] 0.4s (plan 0.4s)
[21] ok                 k=1   l=[40] 0.2s (plan 0.2s)
[22] ok                 k=3   l=[20, 40, 40] 0.6s (plan 0.6s)
[23] ok                 k=1   l=[100] 0.2s (plan 0.2s)
[24] ok                 k=2   l=[30, 50] 0.4s (plan 0.4s)
[25] ok                 k=3   l=[20, 90, 40] 0.6s (plan 0.6s)
[26] ok                 k=2   l=[50, 20] 0.4s (plan 0.4s)
[27] ok                 k=4   l=[20, 40, 30, 40] 0.8s (plan 0.8s)
[28] ok                 k=7   l=[20, 60, 30, 40, 30, 30, 20] 1.2s (plan 1.2s)
[29] ok                 k=4   l=[20, 80, 30, 20] 0.7s (plan 0.7s)
[30] ok                 k=11  l=[10, 30, 40, 50, 40, 60, 50, 50, 60, 40, 50] 1.9s (plan 1.9s)
[31] ok                 k=1   l=[30] 0.2s (plan 0.2s)
[32] ok                 k=2   l=[70, 40] 0.4s (plan 0.4s)
[33] ok                 k=1   l=[20] 0.2s (plan 0.2s)
[34] ok                 k=3   l=[20, 20, 30] 0.5s (plan 0.5s)
[35] ok                 k=2   l=[70, 60] 0.4s (plan 0.4s)
[36] ok                 k=1   l=[10] 0.2s (plan 0.2s)
[37] ok                 k=1   l=[70] 0.2s (plan 0.2s)
[38] ok                 k=1   l=[20] 0.2s (plan 0.2s)
[39] ok                 k=5   l=[50, 30, 50, 30, 20] 1.0s (plan 1.0s)
[40] ok                 k=3   l=[10, 20, 30] 0.6s (plan 0.6s)
[41] ok                 k=15  l=[40, 40, 50, 60, 40, 40, 40, 40, 40, 50, 50, 50, 30, 30, 50] 2.6s (plan 2.6s)
[42] ok                 k=1   l=[60] 0.2s (plan 0.2s)
[43] ok                 k=2   l=[60, 60] 0.3s (plan 0.3s)
[44] ok                 k=4   l=[10, 70, 60, 20] 0.7s (plan 0.7s)
[45] ok                 k=1   l=[40] 0.2s (plan 0.2s)
[46] ok                 k=2   l=[10, 10] 0.4s (plan 0.4s)
[47] ok                 k=3   l=[20, 40, 40] 0.5s (plan 0.5s)
[48] ok                 k=4   l=[50, 60, 50, 40] 0.7s (plan 0.7s)
[49] ok                 k=6   l=[10, 30, 30, 20, 30, 30] 1.1s (plan 1.1s)
[50] ok                 k=3   l=[20, 20, 20] 0.6s (plan 0.6s)
[51] ok                 k=3   l=[10, 20, 20] 0.6s (plan 0.6s)
[52] ok                 k=1   l=[60] 0.2s (plan 0.2s)
[53] ok                 k=7   l=[30, 30, 30, 30, 30, 30, 30] 1.3s (plan 1.3s)
[54] ok                 k=2   l=[70, 10] 0.3s (plan 0.3s)
[55] ok                 k=2   l=[20, 10] 0.4s (plan 0.4s)
[56] ok                 k=6   l=[40, 50, 60, 70, 70, 40] 1.2s (plan 1.2s)
[57] ok                 k=2   l=[10, 80] 0.3s (plan 0.3s)
[58] ok                 k=2   l=[40, 60] 0.4s (plan 0.4s)
[59] ok                 k=1   l=[60] 0.2s (plan 0.2s)
[60] ok                 k=1   l=[10] 0.2s (plan 0.2s)
[61] ok                 k=2   l=[20, 30] 0.4s (plan 0.4s)
[62] ok                 k=5   l=[40, 70, 70, 70, 60] 0.9s (plan 0.9s)
[63] ok                 k=1   l=[30] 0.2s (plan 0.2s)
[64] ok                 k=2   l=[30, 70] 0.3s (plan 0.3s)
[65] ok                 k=2   l=[40, 70] 0.3s (plan 0.3s)
[66] ok                 k=1   l=[60] 0.2s (plan 0.2s)
[67] ok                 k=2   l=[20, 100] 0.4s (plan 0.4s)
[68] ok                 k=1   l=[90] 0.2s (plan 0.2s)
[69] ok                 k=3   l=[20, 40, 20] 0.6s (plan 0.6s)
[70] ok                 k=1   l=[20] 0.2s (plan 0.2s)
[71] ok                 k=2   l=[20, 30] 0.4s (plan 0.4s)
[72] ok                 k=2   l=[10, 60] 0.4s (plan 0.4s)
[73] ok                 k=10  l=[40, 10, 20, 30, 40, 50, 60, 70, 80, 30] 2.0s (plan 2.0s)
[74] ok                 k=1   l=[30] 0.2s (plan 0.2s)
[75] ok                 k=7   l=[40, 10, 20, 30, 40, 50, 60] 1.4s (plan 1.4s)
[76] ok                 k=3   l=[10, 50, 30] 0.6s (plan 0.6s)
[77] ok                 k=1   l=[60] 0.2s (plan 0.2s)
[78] ok                 k=1   l=[70] 0.2s (plan 0.2s)
[79] ok                 k=8   l=[40, 70, 50, 50, 60, 60, 50, 20] 1.3s (plan 1.3s)
[80] ok                 k=8   l=[40, 40, 40, 40, 40, 40, 40, 20] 1.6s (plan 1.6s)
[81] ok                 k=1   l=[50] 0.2s (plan 0.2s)
[82] ok                 k=1   l=[30] 0.2s (plan 0.2s)
[83] ok                 k=4   l=[40, 50, 40, 40] 0.8s (plan 0.8s)
[84] ok                 k=13  l=[30, 10, 20, 30, 40, 50, 60, 70, 80, 90, 100, 110, 120] 2.7s (plan 2.7s)
[85] ok                 k=2   l=[20, 100] 0.4s (plan 0.4s)
[86] ok                 k=1   l=[30] 0.2s (plan 0.2s)
[87] ok                 k=3   l=[20, 40, 10] 0.6s (plan 0.6s)
[88] ok                 k=4   l=[30, 20, 20, 40] 0.8s (plan 0.8s)
[89] ok                 k=1   l=[30] 0.2s (plan 0.2s)
[90] ok                 k=1   l=[20] 0.2s (plan 0.2s)
[91] ok                 k=3   l=[40, 50, 70] 0.5s (plan 0.5s)
[92] ok                 k=10  l=[90, 70, 60, 60, 50, 60, 50, 50, 60, 30] 1.9s (plan 1.9s)
[93] ok                 k=2   l=[10, 50] 0.3s (plan 0.3s)
[94] ok                 k=2   l=[20, 60] 0.3s (plan 0.3s)
[95] ok                 k=2   l=[40, 30] 0.4s (plan 0.4s)
[96] ok                 k=7   l=[30, 30, 40, 60, 60, 50, 40] 1.4s (plan 1.4s)
[97] ok                 k=4   l=[20, 10, 20, 30] 0.7s (plan 0.7s)
[98] ok                 k=6   l=[10, 20, 50, 20, 40, 20] 1.2s (plan 1.2s)
[99] ok                 k=1   l=[30] 0.2s (plan 0.2s)
[100] ok                 k=1   l=[60] 0.2s (plan 0.2s)
[101] ok                 k=8   l=[30, 50, 30, 40, 40, 50, 50, 60] 1.3s (plan 1.3s)
[102] ok                 k=5   l=[40, 40, 40, 50, 30] 0.9s (plan 0.9s)
[103] ok                 k=101 l=[30, 10, 20, 30, 40, 50, 60, 70, 80, 90, 100, 110, 120, 130, 140, 150, 160, 170, 180, 190, 200, 210, 220, 230, 240, 250, 260, 270, 280, 290, 300, 310, 320, 330, 340, 350, 360, 370, 380, 390, 400, 410, 420, 430, 440, 450, 460, 470, 480, 490, 500, 510, 520, 530, 540, 550, 560, 570, 580, 590, 600, 610, 620, 630, 640, 650, 660, 670, 680, 690, 700, 710, 720, 730, 740, 750, 760, 770, 780, 790, 800, 810, 820, 830, 840, 850, 860, 870, 880, 890, 900, 910, 920, 930, 940, 950, 960, 970, 980, 990, 100] 41.8s (plan 41.5s)
[104] ok                 k=2   l=[50, 90] 0.4s (plan 0.4s)
[105] ok                 k=2   l=[30, 30] 0.3s (plan 0.3s)
[106] ok                 k=1   l=[30] 0.2s (plan 0.2s)
[107] ok                 k=2   l=[30, 170] 0.4s (plan 0.4s)
[108] ok                 k=6   l=[10, 30, 50, 30, 30, 30] 1.0s (plan 1.0s)
[109] ok                 k=2   l=[40, 40] 0.4s (plan 0.4s)
[110] ok                 k=8   l=[50, 40, 50, 50, 50, 50, 50, 30] 1.4s (plan 1.4s)
[111] ok                 k=3   l=[10, 20, 50] 0.5s (plan 0.5s)
[112] ok                 k=3   l=[10, 40, 50] 0.6s (plan 0.6s)
[113] ok                 k=2   l=[70, 20] 0.3s (plan 0.3s)
[114] ok                 k=2   l=[40, 70] 0.3s (plan 0.3s)
[115] ok                 k=1   l=[50] 0.2s (plan 0.2s)
[116] ok                 k=1   l=[30] 0.2s (plan 0.2s)
[117] ok                 k=3   l=[20, 70, 30] 0.6s (plan 0.6s)
[118] ok                 k=3   l=[20, 30, 20] 0.5s (plan 0.5s)
[119] ok                 k=1   l=[60] 0.2s (plan 0.2s)
[120] ok                 k=2   l=[20, 40] 0.4s (plan 0.4s)
[121] ok                 k=4   l=[20, 10, 10, 20] 0.7s (plan 0.7s)
[122] ok                 k=4   l=[50, 30, 30, 30] 0.7s (plan 0.7s)
[123] ok                 k=1   l=[40] 0.2s (plan 0.2s)
[124] ok                 k=1   l=[40] 0.2s (plan 0.2s)
[125] ok                 k=3   l=[20, 40, 20] 0.5s (plan 0.5s)
[126] ok                 k=1   l=[20] 0.2s (plan 0.2s)
[127] ok                 k=11  l=[20, 10, 20, 30, 40, 50, 60, 70, 80, 90, 100] 2.2s (plan 2.2s)
[128] ok                 k=3   l=[10, 30, 20] 0.5s (plan 0.5s)
[129] ok                 k=5   l=[40, 10, 20, 30, 40] 1.0s (plan 1.0s)
[130] ok                 k=2   l=[50, 100] 0.4s (plan 0.4s)
[131] ok                 k=1   l=[20] 0.2s (plan 0.2s)
[132] ok                 k=1   l=[70] 0.2s (plan 0.2s)
[133] ok                 k=1   l=[60] 0.2s (plan 0.2s)
[134] ok                 k=6   l=[10, 10, 30, 20, 20, 20] 1.1s (plan 1.1s)
[135] ok                 k=4   l=[10, 50, 70, 60] 0.7s (plan 0.7s)
[136] ok                 k=1   l=[10] 0.2s (plan 0.2s)
[137] ok                 k=7   l=[40, 70, 70, 60, 50, 60, 50] 1.3s (plan 1.3s)
[138] ok                 k=2   l=[50, 10] 0.4s (plan 0.4s)
[139] ok                 k=1   l=[40] 0.2s (plan 0.2s)
[140] ok                 k=2   l=[30, 50] 0.4s (plan 0.4s)
[141] ok                 k=1   l=[40] 0.2s (plan 0.2s)
[142] ok                 k=1   l=[40] 0.2s (plan 0.2s)
[143] ok                 k=2   l=[20, 30] 0.4s (plan 0.4s)
[144] ok                 k=2   l=[30, 60] 0.4s (plan 0.4s)
[145] ok                 k=7   l=[10, 40, 20, 30, 40, 20, 20] 1.1s (plan 1.1s)
[146] ok                 k=2   l=[70, 40] 0.4s (plan 0.4s)
[147] ok                 k=2   l=[60, 40] 0.4s (plan 0.4s)
[148] ok                 k=1   l=[20] 0.2s (plan 0.2s)
[149] ok                 k=1   l=[10] 0.2s (plan 0.2s)
[150] ok                 k=1   l=[30] 0.2s (plan 0.2s)
[151] ok                 k=6   l=[40, 60, 50, 60, 50, 50] 1.0s (plan 1.0s)
[152] ok                 k=1   l=[40] 0.2s (plan 0.2s)
[153] ok                 k=2   l=[40, 10] 0.5s (plan 0.5s)
[154] ok                 k=2   l=[30, 40] 0.4s (plan 0.4s)
[155] ok                 k=4   l=[20, 20, 30, 20] 0.7s (plan 0.7s)
[156] ok                 k=1   l=[80] 0.2s (plan 0.2s)
[157] ok                 k=3   l=[40, 30, 20] 0.6s (plan 0.6s)
[158] ok                 k=3   l=[20, 50, 40] 0.5s (plan 0.5s)
[159] ok                 k=2   l=[10, 80] 0.4s (plan 0.4s)
[160] ok                 k=2   l=[20, 10] 0.4s (plan 0.4s)
[161] ok                 k=3   l=[20, 70, 50] 0.6s (plan 0.6s)
[162] ar_hit_max_length  k=0   l=[] 57.0s (plan 57.0s)
[163] ok                 k=3   l=[20, 30, 20] 0.6s (plan 0.6s)
[164] ok                 k=2   l=[20, 40] 0.3s (plan 0.3s)
[165] ok                 k=2   l=[50, 30] 0.3s (plan 0.3s)
[166] ok                 k=1   l=[50] 0.2s (plan 0.2s)
[167] ok                 k=2   l=[40, 50] 0.3s (plan 0.3s)
[168] ok                 k=6   l=[40, 20, 10, 30, 40, 20] 1.0s (plan 1.0s)
[169] ok                 k=1   l=[60] 0.2s (plan 0.2s)
[170] ok                 k=2   l=[40, 10] 0.4s (plan 0.4s)
[171] ok                 k=9   l=[70, 70, 70, 70, 70, 70, 70, 70, 50] 1.7s (plan 1.7s)
[172] ok                 k=1   l=[50] 0.2s (plan 0.2s)
[173] ok                 k=1   l=[70] 0.2s (plan 0.2s)
[174] ok                 k=2   l=[30, 40] 0.4s (plan 0.4s)
[175] ok                 k=1   l=[60] 0.2s (plan 0.2s)
[176] ok                 k=2   l=[20, 60] 0.4s (plan 0.4s)
[177] ok                 k=7   l=[50, 10, 20, 30, 40, 50, 50] 1.5s (plan 1.5s)
[178] ok                 k=1   l=[100] 0.2s (plan 0.2s)
[179] ok                 k=2   l=[10, 50] 0.3s (plan 0.3s)
[180] ok                 k=11  l=[40, 10, 20, 30, 40, 50, 60, 70, 80, 90, 100] 2.3s (plan 2.3s)
[181] ok                 k=6   l=[40, 40, 40, 30, 30, 30] 1.1s (plan 1.1s)
[182] ok                 k=8   l=[60, 60, 50, 50, 60, 50, 60, 60] 1.6s (plan 1.6s)
[183] ok                 k=7   l=[30, 30, 20, 30, 30, 30, 20] 1.4s (plan 1.4s)
[184] ok                 k=2   l=[60, 40] 0.3s (plan 0.3s)
[185] ok                 k=1   l=[40] 0.2s (plan 0.2s)
[186] ok                 k=9   l=[10, 10, 20, 30, 40, 50, 60, 70, 20] 1.8s (plan 1.8s)
[187] ok                 k=1   l=[40] 0.2s (plan 0.2s)
[188] ok                 k=2   l=[40, 60] 0.5s (plan 0.5s)
[189] ok                 k=1   l=[70] 0.2s (plan 0.2s)
[190] ok                 k=1   l=[20] 0.2s (plan 0.2s)
[191] ok                 k=2   l=[30, 20] 0.4s (plan 0.4s)
[192] ok                 k=1   l=[100] 0.2s (plan 0.2s)
[193] ok                 k=2   l=[10, 70] 0.4s (plan 0.4s)
[194] ok                 k=1   l=[90] 0.2s (plan 0.2s)
[195] ok                 k=2   l=[30, 50] 0.4s (plan 0.4s)
[196] ok                 k=1   l=[100] 0.2s (plan 0.2s)
[197] ok                 k=3   l=[30, 20, 30] 0.5s (plan 0.5s)
[198] ok                 k=1   l=[50] 0.2s (plan 0.2s)
[199] ok                 k=2   l=[20, 30] 0.4s (plan 0.4s)
[200] ok                 k=1   l=[40] 0.2s (plan 0.2s)
[201] ok                 k=7   l=[70, 50, 50, 60, 50, 50, 40] 1.2s (plan 1.2s)
[202] ok                 k=1   l=[40] 0.2s (plan 0.2s)
[203] ok                 k=5   l=[100, 100, 100, 100, 100] 1.3s (plan 1.3s)
[204] ok                 k=1   l=[50] 0.2s (plan 0.2s)
[205] ok                 k=2   l=[20, 30] 0.4s (plan 0.4s)
[206] ok                 k=1   l=[20] 0.2s (plan 0.2s)
[207] ok                 k=3   l=[30, 10, 20] 0.5s (plan 0.5s)
[208] ok                 k=2   l=[10, 100] 0.4s (plan 0.4s)
[209] ok                 k=1   l=[60] 0.2s (plan 0.2s)
[210] ok                 k=4   l=[10, 10, 10, 20] 0.6s (plan 0.6s)
[211] ok                 k=2   l=[30, 10] 0.3s (plan 0.3s)
[212] ok                 k=2   l=[40, 20] 0.3s (plan 0.3s)
[213] ok                 k=1   l=[60] 0.2s (plan 0.2s)
[214] ok                 k=2   l=[50, 20] 0.4s (plan 0.4s)
[215] ok                 k=1   l=[20] 0.2s (plan 0.2s)
[216] ok                 k=1   l=[30] 0.2s (plan 0.2s)
[217] ok                 k=5   l=[30, 50, 20, 20, 30] 0.9s (plan 0.9s)
[218] ok                 k=2   l=[40, 20] 0.3s (plan 0.3s)
[219] ok                 k=5   l=[70, 70, 70, 70, 70] 0.9s (plan 0.9s)
[220] ok                 k=7   l=[20, 20, 100, 70, 60, 70, 100] 1.3s (plan 1.3s)
[221] ok                 k=3   l=[40, 40, 30] 0.5s (plan 0.5s)
[222] ok                 k=2   l=[60, 50] 0.4s (plan 0.4s)
[223] ok                 k=3   l=[10, 30, 20] 0.6s (plan 0.6s)
[224] ok                 k=2   l=[60, 80] 0.4s (plan 0.4s)
[225] ok                 k=4   l=[20, 40, 50, 40] 0.7s (plan 0.7s)
[226] ok                 k=1   l=[30] 0.2s (plan 0.2s)
[227] ok                 k=9   l=[20, 20, 40, 40, 30, 30, 10, 20, 10] 1.5s (plan 1.5s)
[228] ok                 k=3   l=[50, 80, 50] 0.6s (plan 0.6s)
[229] ok                 k=4   l=[90, 80, 100, 70] 0.8s (plan 0.8s)
[230] ok                 k=2   l=[10, 60] 0.4s (plan 0.4s)
[231] ok                 k=8   l=[30, 20, 20, 20, 20, 20, 20, 20] 1.3s (plan 1.3s)
[232] ok                 k=2   l=[40, 20] 0.4s (plan 0.4s)
[233] ok                 k=5   l=[10, 40, 20, 20, 30] 0.9s (plan 0.9s)
[234] ok                 k=3   l=[50, 40, 50] 0.6s (plan 0.6s)
[235] ok                 k=1   l=[30] 0.2s (plan 0.2s)
[236] ok                 k=1   l=[40] 0.3s (plan 0.3s)
[237] ok                 k=7   l=[10, 10, 20, 30, 30, 20, 30] 1.2s (plan 1.2s)
[238] ok                 k=1   l=[40] 0.2s (plan 0.2s)
[239] ok                 k=1   l=[20] 0.2s (plan 0.2s)
[240] ok                 k=1   l=[20] 0.2s (plan 0.2s)
[241] ok                 k=2   l=[70, 30] 0.3s (plan 0.3s)
[242] ok                 k=4   l=[20, 20, 40, 40] 0.8s (plan 0.8s)
[243] ok                 k=9   l=[40, 50, 50, 40, 50, 40, 30, 50, 30] 1.6s (plan 1.6s)
[244] ok                 k=8   l=[40, 40, 30, 40, 30, 30, 40, 50] 1.4s (plan 1.4s)
[245] ok                 k=2   l=[30, 30] 0.4s (plan 0.4s)
[246] ok                 k=1   l=[70] 0.2s (plan 0.2s)
[247] ok                 k=3   l=[30, 20, 20] 0.6s (plan 0.6s)
[248] ok                 k=2   l=[50, 80] 0.4s (plan 0.4s)
[249] ok                 k=4   l=[10, 30, 20, 30] 0.7s (plan 0.7s)
[250] ok                 k=11  l=[20, 50, 70, 70, 50, 70, 60, 60, 80, 70, 70] 1.9s (plan 1.9s)
[251] ok                 k=1   l=[60] 0.3s (plan 0.3s)
[252] ok                 k=4   l=[10, 40, 40, 30] 0.8s (plan 0.8s)
[253] ok                 k=2   l=[50, 10] 0.3s (plan 0.3s)
[254] ok                 k=1   l=[20] 0.2s (plan 0.2s)
[255] ok                 k=2   l=[30, 60] 0.3s (plan 0.3s)
[256] ok                 k=2   l=[60, 30] 0.4s (plan 0.4s)
[257] ok                 k=2   l=[40, 80] 0.4s (plan 0.4s)
[258] ok                 k=2   l=[30, 10] 0.4s (plan 0.4s)
[259] ok                 k=3   l=[40, 20, 30] 0.6s (plan 0.6s)
[260] ok                 k=4   l=[40, 20, 20, 30] 0.7s (plan 0.7s)
[261] ok                 k=2   l=[40, 60] 0.5s (plan 0.5s)
[262] ok                 k=2   l=[10, 30] 0.4s (plan 0.4s)
[263] ok                 k=1   l=[50] 0.2s (plan 0.2s)
[264] ok                 k=3   l=[40, 40, 70] 0.6s (plan 0.6s)
[265] ok                 k=3   l=[30, 160, 40] 0.6s (plan 0.6s)
[266] ok                 k=3   l=[10, 30, 60] 0.5s (plan 0.5s)
[267] ok                 k=3   l=[20, 20, 20] 0.5s (plan 0.5s)
[268] ok                 k=4   l=[30, 10, 200, 210] 0.8s (plan 0.8s)
[269] ok                 k=1   l=[10] 0.2s (plan 0.2s)
[270] ok                 k=1   l=[50] 0.2s (plan 0.2s)
[271] ok                 k=1   l=[30] 0.2s (plan 0.2s)
[272] ok                 k=1   l=[40] 0.2s (plan 0.2s)
[273] ok                 k=1   l=[60] 0.2s (plan 0.2s)
[274] ok                 k=7   l=[80, 60, 70, 70, 60, 70, 60] 1.3s (plan 1.3s)
[275] ok                 k=2   l=[50, 20] 0.4s (plan 0.4s)
[276] ok                 k=3   l=[10, 50, 110] 0.6s (plan 0.6s)
[277] ok                 k=1   l=[30] 0.2s (plan 0.2s)
[278] ok                 k=1   l=[20] 0.2s (plan 0.2s)
[279] ok                 k=1   l=[50] 0.2s (plan 0.2s)
[280] ok                 k=1   l=[60] 0.2s (plan 0.2s)
[281] ok                 k=1   l=[30] 0.2s (plan 0.2s)
[282] ok                 k=5   l=[70, 100, 100, 70, 70] 1.0s (plan 1.0s)
[283] ok                 k=1   l=[20] 0.2s (plan 0.2s)
[284] ok                 k=3   l=[70, 70, 20] 0.5s (plan 0.5s)
[285] ok                 k=3   l=[30, 30, 30] 0.5s (plan 0.5s)
[286] ok                 k=1   l=[60] 0.2s (plan 0.2s)
[287] ok                 k=1   l=[70] 0.2s (plan 0.2s)
[288] ok                 k=1   l=[70] 0.2s (plan 0.2s)
[289] ok                 k=1   l=[50] 0.2s (plan 0.2s)
[290] ok                 k=1   l=[50] 0.2s (plan 0.2s)
[291] ok                 k=1   l=[10] 0.2s (plan 0.2s)
[292] ok                 k=1   l=[60] 0.2s (plan 0.2s)
[293] ok                 k=3   l=[30, 50, 20] 0.6s (plan 0.5s)
[294] ok                 k=1   l=[60] 0.2s (plan 0.2s)
[295] ok                 k=1   l=[40] 0.2s (plan 0.2s)
[296] ok                 k=4   l=[30, 40, 50, 30] 0.7s (plan 0.7s)
[297] ok                 k=1   l=[40] 0.2s (plan 0.2s)
[298] ok                 k=7   l=[10, 70, 70, 60, 60, 70, 80] 1.2s (plan 1.2s)
[299] ok                 k=1   l=[40] 0.2s (plan 0.2s)
[300] ok                 k=1   l=[30] 0.2s (plan 0.2s)
[301] ok                 k=1   l=[20] 0.2s (plan 0.2s)
[302] ok                 k=2   l=[50, 50] 0.5s (plan 0.5s)
[303] ok                 k=1   l=[40] 0.2s (plan 0.2s)
[304] ok                 k=2   l=[30, 30] 0.4s (plan 0.4s)
[305] ok                 k=2   l=[40, 10] 0.4s (plan 0.4s)
[306] ok                 k=1   l=[60] 0.2s (plan 0.2s)
[307] ok                 k=1   l=[50] 0.2s (plan 0.2s)
[308] ok                 k=5   l=[60, 70, 70, 60, 50] 1.0s (plan 1.0s)
[309] ok                 k=1   l=[40] 0.2s (plan 0.2s)
[310] ok                 k=1   l=[50] 0.2s (plan 0.2s)
[311] ok                 k=2   l=[40, 60] 0.4s (plan 0.4s)
[312] ok                 k=1   l=[40] 0.2s (plan 0.2s)
[313] ok                 k=3   l=[30, 30, 20] 0.5s (plan 0.5s)
[314] ok                 k=3   l=[10, 40, 50] 0.6s (plan 0.6s)
[315] ok                 k=9   l=[70, 80, 80, 80, 80, 70, 80, 80, 70] 1.5s (plan 1.5s)
[316] ok                 k=5   l=[40, 40, 30, 30, 30] 0.9s (plan 0.9s)
[317] ok                 k=2   l=[10, 20] 0.4s (plan 0.4s)
[318] ok                 k=3   l=[30, 30, 30] 0.5s (plan 0.5s)
[319] ok                 k=7   l=[80, 60, 50, 50, 60, 50, 60] 1.3s (plan 1.3s)
[320] ok                 k=2   l=[40, 60] 0.4s (plan 0.4s)
[321] ok                 k=4   l=[50, 30, 40, 30] 0.7s (plan 0.7s)
[322] ok                 k=8   l=[30, 40, 40, 30, 50, 50, 40, 30] 1.6s (plan 1.6s)
[323] ok                 k=1   l=[80] 0.2s (plan 0.2s)
[324] ok                 k=1   l=[30] 0.2s (plan 0.2s)
[325] ok                 k=2   l=[40, 10] 0.4s (plan 0.4s)
[326] ok                 k=2   l=[70, 40] 0.4s (plan 0.4s)
[327] ok                 k=6   l=[10, 40, 40, 50, 50, 30] 1.1s (plan 1.1s)
[328] ok                 k=1   l=[30] 0.2s (plan 0.2s)
[329] ok                 k=6   l=[70, 20, 30, 30, 40, 30] 1.0s (plan 1.0s)
[330] ok                 k=4   l=[30, 20, 20, 20] 0.7s (plan 0.7s)
[331] ok                 k=1   l=[20] 0.2s (plan 0.2s)
[332] ok                 k=2   l=[10, 110] 0.4s (plan 0.4s)
[333] ok                 k=5   l=[20, 10, 10, 10, 10] 0.9s (plan 0.9s)
[334] ok                 k=2   l=[190, 60] 0.5s (plan 0.5s)
[335] ok                 k=1   l=[70] 0.2s (plan 0.2s)
[336] ok                 k=3   l=[70, 40, 60] 0.9s (plan 0.9s)
[337] ok                 k=1   l=[30] 0.2s (plan 0.2s)
[338] ok                 k=1   l=[40] 0.2s (plan 0.2s)
[339] ok                 k=2   l=[20, 40] 0.4s (plan 0.4s)
[340] ok                 k=2   l=[20, 40] 0.3s (plan 0.3s)
[341] ok                 k=2   l=[30, 50] 0.4s (plan 0.4s)
[342] ok                 k=7   l=[70, 50, 50, 50, 50, 50, 10] 1.2s (plan 1.2s)
[343] ok                 k=3   l=[70, 80, 90] 0.6s (plan 0.6s)
[344] ok                 k=1   l=[40] 0.2s (plan 0.2s)
[345] ok                 k=3   l=[10, 10, 70] 0.5s (plan 0.5s)
[346] ok                 k=1   l=[20] 0.2s (plan 0.2s)
[347] ok                 k=1   l=[40] 0.2s (plan 0.2s)
[348] ok                 k=5   l=[40, 30, 30, 20, 50] 0.8s (plan 0.8s)
[349] ok                 k=3   l=[40, 30, 40] 0.6s (plan 0.6s)
[350] ok                 k=4   l=[10, 20, 30, 20] 0.7s (plan 0.7s)
[351] ok                 k=3   l=[20, 20, 40] 0.6s (plan 0.6s)
[352] ok                 k=1   l=[70] 0.2s (plan 0.2s)
[353] ok                 k=1   l=[30] 0.2s (plan 0.2s)
[354] ok                 k=1   l=[40] 0.2s (plan 0.2s)
[355] ok                 k=3   l=[40, 20, 20] 0.6s (plan 0.6s)
[356] ok                 k=3   l=[10, 50, 50] 0.5s (plan 0.5s)
[357] ok                 k=4   l=[40, 50, 60, 70] 0.8s (plan 0.8s)
[358] ok                 k=1   l=[40] 0.2s (plan 0.2s)
[359] ok                 k=1   l=[90] 0.2s (plan 0.2s)
[360] ok                 k=1   l=[30] 0.2s (plan 0.2s)
[361] ok                 k=1   l=[40] 0.2s (plan 0.2s)
[362] ok                 k=3   l=[20, 30, 30] 0.5s (plan 0.5s)
[363] ok                 k=5   l=[70, 60, 50, 60, 60] 1.0s (plan 1.0s)
[364] ok                 k=1   l=[70] 0.2s (plan 0.2s)
[365] ok                 k=2   l=[30, 20] 0.3s (plan 0.3s)
[366] ok                 k=1   l=[130] 0.2s (plan 0.2s)
[367] ok                 k=3   l=[40, 40, 40] 0.6s (plan 0.6s)
[368] ok                 k=5   l=[70, 60, 50, 60, 60] 0.7s (plan 0.7s)
[369] ok                 k=3   l=[80, 80, 40] 0.6s (plan 0.6s)
[370] ok                 k=5   l=[20, 30, 20, 30, 30] 0.9s (plan 0.9s)
[371] ok                 k=2   l=[30, 10] 0.4s (plan 0.4s)
[372] ok                 k=1   l=[80] 0.2s (plan 0.2s)
[373] ok                 k=1   l=[40] 0.2s (plan 0.2s)
[374] ok                 k=3   l=[30, 80, 10] 0.6s (plan 0.6s)
[375] ok                 k=4   l=[40, 40, 20, 30] 0.6s (plan 0.6s)
[376] ok                 k=5   l=[30, 20, 30, 20, 20] 1.0s (plan 1.0s)
[377] ok                 k=2   l=[30, 50] 0.4s (plan 0.4s)
[378] ok                 k=1   l=[100] 0.2s (plan 0.2s)
[379] ok                 k=2   l=[30, 50] 0.3s (plan 0.3s)
[380] ok                 k=3   l=[70, 50, 20] 0.6s (plan 0.6s)
[381] ok                 k=1   l=[30] 0.2s (plan 0.2s)
[382] ok                 k=1   l=[30] 0.2s (plan 0.2s)
[383] ok                 k=4   l=[30, 70, 30, 50] 0.7s (plan 0.7s)
[384] ok                 k=1   l=[50] 0.2s (plan 0.2s)
[385] ok                 k=3   l=[30, 40, 20] 0.5s (plan 0.5s)
[386] ok                 k=2   l=[70, 70] 0.4s (plan 0.4s)
[387] ok                 k=3   l=[50, 50, 40] 0.5s (plan 0.5s)
[388] ok                 k=2   l=[30, 10] 0.4s (plan 0.4s)
[389] ok                 k=2   l=[30, 80] 0.4s (plan 0.4s)
[390] ok                 k=3   l=[160, 50, 60] 0.6s (plan 0.6s)
[391] ok                 k=3   l=[10, 40, 20] 0.6s (plan 0.5s)
[392] ok                 k=2   l=[40, 10] 0.3s (plan 0.3s)
[393] ok                 k=2   l=[40, 70] 0.4s (plan 0.4s)
[394] ok                 k=8   l=[30, 50, 50, 50, 50, 50, 50, 20] 1.2s (plan 1.2s)
[395] ok                 k=3   l=[20, 20, 10] 0.5s (plan 0.5s)
[396] ok                 k=2   l=[30, 30] 0.4s (plan 0.4s)
[397] ok                 k=10  l=[40, 60, 50, 50, 50, 50, 50, 50, 50, 30] 1.7s (plan 1.7s)
[398] ok                 k=4   l=[30, 30, 20, 30] 0.7s (plan 0.7s)
[399] ok                 k=1   l=[100] 0.2s (plan 0.2s)
[400] ok                 k=2   l=[30, 20] 0.4s (plan 0.4s)
[401] ok                 k=1   l=[20] 0.2s (plan 0.2s)
[402] ok                 k=2   l=[40, 40] 0.4s (plan 0.4s)
[403] ok                 k=2   l=[70, 50] 0.4s (plan 0.4s)
[404] ok                 k=4   l=[20, 60, 50, 40] 0.7s (plan 0.7s)
[405] ok                 k=3   l=[30, 50, 10] 0.5s (plan 0.5s)
[406] ok                 k=2   l=[30, 30] 0.3s (plan 0.3s)
[407] ok                 k=2   l=[30, 50] 0.4s (plan 0.4s)
[408] ok                 k=2   l=[20, 100] 0.4s (plan 0.4s)
[409] ok                 k=4   l=[20, 20, 20, 10] 0.6s (plan 0.6s)
[410] ok                 k=2   l=[40, 80] 0.4s (plan 0.4s)
[411] ok                 k=5   l=[20, 10, 30, 30, 20] 0.7s (plan 0.7s)
[412] ok                 k=5   l=[90, 70, 60, 70, 70] 1.0s (plan 1.0s)
[413] ok                 k=1   l=[40] 0.2s (plan 0.2s)
[414] ok                 k=10  l=[120, 80, 80, 80, 70, 60, 50, 60, 60, 70] 1.8s (plan 1.8s)
[415] ok                 k=1   l=[50] 0.2s (plan 0.2s)
[416] ok                 k=3   l=[20, 20, 20] 0.6s (plan 0.6s)
[417] ok                 k=2   l=[40, 60] 0.4s (plan 0.4s)
[418] ok                 k=2   l=[20, 40] 0.4s (plan 0.4s)
[419] ok                 k=3   l=[10, 30, 20] 0.5s (plan 0.5s)
[420] ok                 k=2   l=[20, 10] 0.4s (plan 0.4s)
[421] ok                 k=3   l=[70, 60, 50] 0.7s (plan 0.7s)
[422] ok                 k=2   l=[20, 50] 0.4s (plan 0.4s)
[423] ok                 k=2   l=[30, 20] 0.4s (plan 0.4s)
[424] ok                 k=2   l=[70, 30] 0.3s (plan 0.3s)
[425] ok                 k=1   l=[40] 0.2s (plan 0.2s)
[426] ok                 k=1   l=[100] 0.2s (plan 0.2s)
[427] ok                 k=7   l=[80, 60, 70, 70, 70, 70, 80] 1.2s (plan 1.2s)
[428] ok                 k=3   l=[70, 60, 30] 0.6s (plan 0.6s)
[429] ok                 k=1   l=[70] 0.2s (plan 0.2s)
[430] ok                 k=3   l=[10, 30, 30] 0.5s (plan 0.5s)
[431] ok                 k=1   l=[30] 0.2s (plan 0.2s)
[432] ok                 k=2   l=[40, 30] 0.3s (plan 0.3s)
[433] ok                 k=1   l=[70] 0.2s (plan 0.2s)
[434] ok                 k=6   l=[30, 40, 40, 50, 60, 20] 1.1s (plan 1.1s)
[435] ok                 k=1   l=[10] 0.2s (plan 0.2s)
[436] ok                 k=1   l=[20] 0.2s (plan 0.2s)
[437] ok                 k=5   l=[30, 20, 20, 20, 30] 1.0s (plan 1.0s)
[438] ok                 k=4   l=[10, 20, 30, 40] 1.0s (plan 1.0s)
[439] ok                 k=3   l=[20, 70, 80] 0.6s (plan 0.5s)
[440] ok                 k=2   l=[20, 40] 0.4s (plan 0.4s)
[441] ok                 k=3   l=[50, 70, 30] 0.5s (plan 0.5s)
[442] ok                 k=5   l=[30, 20, 30, 30, 40] 0.8s (plan 0.8s)
[443] ok                 k=2   l=[10, 40] 0.4s (plan 0.4s)
[444] ok                 k=3   l=[30, 90, 30] 0.5s (plan 0.5s)
[445] ok                 k=112 l=[50, 20, 10, 20, 30, 40, 50, 60, 70, 80, 90, 100, 110, 120, 130, 140, 150, 160, 170, 180, 190, 200, 210, 220, 230, 240, 250, 260, 270, 280, 290, 300, 310, 320, 330, 340, 350, 360, 370, 380, 390, 400, 410, 420, 430, 440, 450, 460, 470, 480, 490, 500, 510, 520, 530, 540, 550, 560, 570, 580, 590, 600, 610, 620, 630, 640, 650, 660, 670, 680, 690, 700, 710, 720, 730, 740, 750, 760, 770, 780, 790, 800, 810, 820, 830, 840, 850, 860, 870, 880, 890, 900, 910, 920, 930, 940, 950, 960, 970, 980, 990, 900, 910, 920, 930, 940, 950, 960, 970, 980, 990, 100] 50.2s (plan 50.2s)
[446] ok                 k=2   l=[20, 40] 0.4s (plan 0.4s)
[447] ok                 k=2   l=[40, 60] 0.4s (plan 0.4s)
[448] ok                 k=6   l=[20, 10, 30, 40, 40, 10] 1.2s (plan 1.1s)
[449] ok                 k=1   l=[40] 0.2s (plan 0.2s)
[450] ok                 k=1   l=[30] 0.2s (plan 0.2s)
[451] ok                 k=1   l=[70] 0.2s (plan 0.2s)
[452] ok                 k=3   l=[20, 40, 50] 0.5s (plan 0.5s)
[453] ok                 k=7   l=[40, 90, 100, 80, 80, 70, 50] 1.3s (plan 1.3s)
[454] ok                 k=1   l=[20] 0.2s (plan 0.2s)
[455] ok                 k=3   l=[50, 40, 30] 0.6s (plan 0.6s)
[456] ok                 k=11  l=[30, 10, 20, 30, 40, 50, 60, 70, 80, 90, 100] 2.2s (plan 2.2s)
[457] ok                 k=2   l=[30, 10] 0.3s (plan 0.3s)
[458] ok                 k=1   l=[50] 0.2s (plan 0.2s)
[459] ok                 k=1   l=[30] 0.2s (plan 0.2s)
[460] ok                 k=4   l=[30, 10, 20, 30] 0.7s (plan 0.7s)
[461] ok                 k=1   l=[30] 0.2s (plan 0.2s)
[462] ok                 k=2   l=[30, 20] 0.3s (plan 0.3s)
[463] ok                 k=6   l=[40, 100, 60, 70, 60, 50] 1.1s (plan 1.1s)
[464] ok                 k=1   l=[40] 0.2s (plan 0.2s)
[465] ok                 k=1   l=[90] 0.2s (plan 0.2s)
[466] ok                 k=4   l=[20, 90, 20, 10] 0.7s (plan 0.7s)
[467] ok                 k=1   l=[60] 0.2s (plan 0.2s)
[468] ok                 k=2   l=[40, 20] 0.3s (plan 0.3s)
[469] ok                 k=1   l=[30] 0.2s (plan 0.2s)
[470] ok                 k=1   l=[30] 0.2s (plan 0.2s)
[471] ok                 k=1   l=[20] 0.2s (plan 0.2s)
[472] ok                 k=3   l=[30, 40, 20] 0.5s (plan 0.5s)
[473] ok                 k=1   l=[30] 0.2s (plan 0.2s)
[474] ok                 k=1   l=[100] 0.2s (plan 0.2s)
[475] ok                 k=2   l=[20, 10] 0.4s (plan 0.4s)
[476] ok                 k=1   l=[60] 0.2s (plan 0.2s)
[477] ok                 k=2   l=[50, 10] 0.4s (plan 0.4s)
[478] ok                 k=5   l=[60, 30, 40, 50, 60] 0.9s (plan 0.9s)
[479] ok                 k=6   l=[10, 10, 20, 20, 20, 10] 1.0s (plan 1.0s)
[480] ok                 k=5   l=[10, 70, 60, 50, 40] 0.8s (plan 0.8s)
[481] ok                 k=4   l=[30, 10, 20, 10] 0.7s (plan 0.7s)
[482] ok                 k=5   l=[50, 60, 50, 30, 30] 0.9s (plan 0.9s)
[483] ok                 k=1   l=[20] 0.2s (plan 0.2s)
[484] ok                 k=6   l=[20, 10, 20, 30, 40, 50] 1.2s (plan 1.2s)
[485] ok                 k=2   l=[10, 40] 0.3s (plan 0.3s)
[486] ok                 k=1   l=[30] 0.2s (plan 0.2s)
[487] ok                 k=4   l=[40, 40, 50, 20] 0.7s (plan 0.7s)
[488] ok                 k=1   l=[20] 0.2s (plan 0.2s)
[489] ok                 k=1   l=[10] 0.2s (plan 0.2s)
[490] ok                 k=3   l=[20, 40, 30] 0.5s (plan 0.5s)
[491] ok                 k=2   l=[50, 40] 0.4s (plan 0.4s)
[492] ok                 k=1   l=[20] 0.2s (plan 0.2s)
[493] ok                 k=2   l=[20, 10] 0.4s (plan 0.4s)
[494] ok                 k=1   l=[30] 0.2s (plan 0.2s)
[495] ok                 k=2   l=[20, 70] 0.4s (plan 0.4s)
[496] ok                 k=2   l=[20, 60] 0.4s (plan 0.4s)
[497] ok                 k=7   l=[70, 70, 70, 120, 70, 60, 50] 1.1s (plan 1.1s)
[498] ok                 k=5   l=[20, 70, 80, 60, 50] 0.8s (plan 0.8s)
[499] ok                 k=1   l=[20] 0.2s (plan 0.2s)
[500] ok                 k=1   l=[30] 0.2s (plan 0.2s)
[501] ok                 k=1   l=[10] 0.2s (plan 0.2s)
[502] ok                 k=2   l=[70, 20] 0.4s (plan 0.4s)
[503] ok                 k=3   l=[30, 40, 30] 0.5s (plan 0.5s)
[504] ok                 k=2   l=[100, 90] 0.4s (plan 0.4s)
[505] ok                 k=3   l=[10, 50, 30] 0.5s (plan 0.5s)
[506] ok                 k=3   l=[50, 30, 30] 0.5s (plan 0.5s)
[507] ok                 k=2   l=[20, 30] 0.4s (plan 0.4s)
[508] ok                 k=2   l=[40, 20] 0.4s (plan 0.4s)
[509] ok                 k=3   l=[10, 20, 20] 0.5s (plan 0.5s)
[510] ok                 k=2   l=[20, 30] 0.3s (plan 0.3s)
[511] ok                 k=3   l=[60, 60, 40] 0.6s (plan 0.6s)
[512] ok                 k=9   l=[30, 10, 20, 30, 40, 50, 60, 70, 80] 1.8s (plan 1.8s)
[513] ok                 k=1   l=[60] 0.2s (plan 0.2s)
[514] ok                 k=2   l=[20, 10] 0.4s (plan 0.4s)
[515] ok                 k=12  l=[30, 10, 20, 30, 40, 50, 60, 70, 80, 90, 100, 20] 2.4s (plan 2.4s)
[516] ok                 k=4   l=[30, 30, 30, 30] 0.7s (plan 0.7s)
[517] ok                 k=2   l=[40, 10] 0.4s (plan 0.4s)
[518] ok                 k=5   l=[70, 60, 80, 80, 80] 0.9s (plan 0.9s)
[519] ok                 k=1   l=[10] 0.2s (plan 0.2s)
[520] ok                 k=4   l=[40, 40, 40, 40] 0.7s (plan 0.7s)
[521] ok                 k=7   l=[20, 40, 40, 40, 40, 40, 20] 1.8s (plan 1.8s)
[522] ok                 k=5   l=[100, 70, 60, 60, 90] 1.0s (plan 1.0s)
[523] ok                 k=6   l=[20, 10, 20, 30, 40, 50] 1.2s (plan 1.2s)
[524] ok                 k=1   l=[30] 0.2s (plan 0.2s)
[525] ok                 k=1   l=[30] 0.2s (plan 0.2s)
[526] ok                 k=2   l=[20, 10] 0.4s (plan 0.4s)
[527] ok                 k=4   l=[30, 20, 10, 20] 0.6s (plan 0.6s)
[528] ok                 k=3   l=[20, 40, 30] 0.6s (plan 0.6s)
[529] ok                 k=1   l=[100] 0.3s (plan 0.3s)
[530] ok                 k=5   l=[40, 40, 40, 40, 40] 0.8s (plan 0.8s)
[531] ok                 k=6   l=[40, 80, 80, 70, 120, 70] 1.1s (plan 1.1s)
[532] ok                 k=4   l=[20, 100, 60, 20] 0.7s (plan 0.7s)
[533] ok                 k=2   l=[30, 20] 0.4s (plan 0.4s)
[534] ok                 k=3   l=[20, 20, 30] 0.6s (plan 0.6s)
[535] ok                 k=5   l=[20, 10, 20, 10, 20] 0.9s (plan 0.9s)
[536] ok                 k=5   l=[10, 10, 20, 20, 10] 0.9s (plan 0.9s)
[537] ok                 k=4   l=[50, 10, 20, 30] 0.8s (plan 0.8s)
[538] ok                 k=3   l=[60, 60, 70] 0.6s (plan 0.6s)
[539] ok                 k=8   l=[20, 30, 30, 30, 30, 30, 50, 40] 1.6s (plan 1.6s)
[540] ok                 k=2   l=[30, 40] 0.4s (plan 0.4s)
[541] ok                 k=3   l=[50, 50, 40] 0.6s (plan 0.6s)
[542] ok                 k=1   l=[10] 0.2s (plan 0.2s)
[543] ok                 k=3   l=[40, 30, 30] 0.5s (plan 0.5s)
[544] ok                 k=3   l=[30, 20, 30] 0.5s (plan 0.5s)
[545] ok                 k=4   l=[30, 30, 30, 30] 0.8s (plan 0.8s)
[546] ok                 k=6   l=[20, 20, 30, 40, 40, 20] 1.0s (plan 1.0s)
[547] ok                 k=6   l=[100, 70, 70, 70, 70, 70] 1.1s (plan 1.1s)
[548] ok                 k=6   l=[60, 60, 50, 60, 60, 20] 1.1s (plan 1.1s)
[549] ok                 k=1   l=[20] 0.2s (plan 0.2s)
[550] ok                 k=5   l=[50, 80, 50, 110, 60] 1.0s (plan 1.0s)
[551] ok                 k=2   l=[40, 50] 0.4s (plan 0.4s)
[552] ok                 k=2   l=[10, 90] 0.4s (plan 0.4s)
[553] ok                 k=1   l=[30] 0.4s (plan 0.4s)
[554] ok                 k=6   l=[70, 40, 20, 40, 30, 60] 1.1s (plan 1.1s)
[555] ok                 k=3   l=[20, 30, 20] 0.6s (plan 0.6s)
[556] ok                 k=2   l=[40, 30] 0.4s (plan 0.4s)
[557] ok                 k=1   l=[10] 0.2s (plan 0.2s)
[558] ok                 k=3   l=[40, 20, 110] 0.6s (plan 0.6s)
[559] ok                 k=8   l=[20, 20, 20, 20, 20, 20, 20, 10] 1.4s (plan 1.4s)
[560] ok                 k=1   l=[20] 0.2s (plan 0.2s)
[561] ok                 k=1   l=[30] 0.2s (plan 0.2s)
[562] ok                 k=1   l=[60] 0.2s (plan 0.2s)
[563] ok                 k=1   l=[10] 0.2s (plan 0.2s)
[564] ok                 k=4   l=[20, 10, 20, 30] 1.0s (plan 1.0s)
[565] ok                 k=2   l=[30, 10] 0.3s (plan 0.3s)
[566] ok                 k=1   l=[20] 0.2s (plan 0.2s)
[567] ok                 k=11  l=[20, 10, 20, 30, 40, 50, 60, 70, 80, 90, 100] 2.3s (plan 2.3s)
[568] ok                 k=2   l=[20, 50] 0.4s (plan 0.4s)
[569] ok                 k=2   l=[50, 60] 0.5s (plan 0.4s)
[570] ok                 k=5   l=[10, 20, 30, 40, 50] 1.1s (plan 1.0s)
[571] ok                 k=1   l=[50] 0.3s (plan 0.3s)
[572] ok                 k=1   l=[20] 0.2s (plan 0.2s)
[573] ok                 k=2   l=[10, 20] 0.5s (plan 0.5s)
[574] ok                 k=4   l=[40, 40, 20, 20] 0.8s (plan 0.8s)
[575] ok                 k=6   l=[20, 30, 30, 30, 40, 30] 1.2s (plan 1.2s)
[576] ok                 k=2   l=[80, 70] 0.4s (plan 0.4s)
[577] ok                 k=10  l=[20, 30, 30, 30, 30, 30, 30, 30, 30, 40] 1.7s (plan 1.7s)
[578] ok                 k=2   l=[60, 10] 0.4s (plan 0.4s)
[579] ok                 k=1   l=[20] 0.2s (plan 0.2s)
[580] ok                 k=1   l=[40] 0.2s (plan 0.2s)
[581] ok                 k=9   l=[50, 30, 30, 30, 30, 40, 30, 40, 20] 1.8s (plan 1.8s)
[582] ok                 k=1   l=[30] 0.2s (plan 0.2s)
[583] ok                 k=1   l=[30] 0.2s (plan 0.2s)
[584] ok                 k=2   l=[70, 30] 0.4s (plan 0.4s)
[585] ok                 k=1   l=[30] 0.2s (plan 0.2s)
[586] ok                 k=1   l=[30] 0.2s (plan 0.2s)
[587] ok                 k=1   l=[50] 0.2s (plan 0.2s)
[588] ok                 k=4   l=[30, 30, 30, 30] 0.8s (plan 0.8s)
[589] ok                 k=6   l=[30, 30, 20, 20, 20, 60] 1.1s (plan 1.1s)
[590] ok                 k=9   l=[30, 50, 40, 40, 40, 40, 40, 40, 30] 1.7s (plan 1.7s)
[591] ok                 k=2   l=[40, 30] 0.4s (plan 0.4s)
[592] ok                 k=1   l=[30] 0.2s (plan 0.2s)
[593] ok                 k=1   l=[20] 0.2s (plan 0.2s)
[594] ok                 k=2   l=[50, 30] 0.4s (plan 0.4s)
[595] ok                 k=1   l=[30] 0.2s (plan 0.2s)
[596] ok                 k=6   l=[60, 80, 90, 70, 70, 40] 1.1s (plan 1.1s)
[597] ok                 k=2   l=[30, 40] 0.4s (plan 0.4s)
[598] ok                 k=2   l=[20, 10] 0.4s (plan 0.4s)
[599] ok                 k=3   l=[20, 30, 20] 0.6s (plan 0.6s)
[600] ok                 k=2   l=[10, 30] 0.4s (plan 0.4s)
[601] ok                 k=1   l=[40] 0.2s (plan 0.2s)
[602] ok                 k=8   l=[60, 30, 40, 30, 30, 40, 30, 30] 1.5s (plan 1.5s)
[603] ok                 k=1   l=[20] 0.2s (plan 0.2s)
[604] ok                 k=3   l=[20, 70, 10] 0.5s (plan 0.5s)
[605] ok                 k=4   l=[20, 40, 40, 90] 0.7s (plan 0.7s)
[606] ok                 k=3   l=[30, 70, 10] 0.5s (plan 0.5s)
[607] ok                 k=1   l=[30] 0.2s (plan 0.2s)
[608] ok                 k=4   l=[40, 50, 40, 40] 0.8s (plan 0.8s)
[609] ok                 k=1   l=[30] 0.2s (plan 0.2s)
[610] ok                 k=2   l=[30, 40] 0.3s (plan 0.3s)
[611] ok                 k=2   l=[30, 60] 0.4s (plan 0.4s)
[612] ok                 k=1   l=[10] 0.2s (plan 0.2s)
[613] ok                 k=1   l=[10] 0.2s (plan 0.2s)
[614] ok                 k=1   l=[30] 0.2s (plan 0.2s)
[615] ok                 k=1   l=[40] 0.2s (plan 0.2s)
[616] ok                 k=4   l=[10, 20, 20, 10] 0.7s (plan 0.7s)
[617] ok                 k=2   l=[20, 60] 0.4s (plan 0.4s)
[618] ok                 k=3   l=[50, 20, 30] 0.5s (plan 0.5s)
[619] ok                 k=2   l=[40, 50] 0.4s (plan 0.4s)
[620] ok                 k=1   l=[10] 0.2s (plan 0.2s)
[621] ok                 k=6   l=[90, 70, 90, 90, 90, 90] 1.1s (plan 1.1s)
[622] ok                 k=4   l=[40, 10, 20, 30] 0.8s (plan 0.8s)
[623] ok                 k=2   l=[40, 30] 0.4s (plan 0.4s)
[624] ok                 k=2   l=[30, 30] 0.4s (plan 0.4s)
[625] ok                 k=3   l=[20, 10, 10] 0.7s (plan 0.7s)
[626] ok                 k=2   l=[20, 20] 0.4s (plan 0.4s)
[627] ok                 k=1   l=[20] 0.2s (plan 0.2s)
[628] ok                 k=2   l=[10, 20] 0.3s (plan 0.3s)
[629] ok                 k=3   l=[10, 30, 10] 0.6s (plan 0.6s)
[630] ok                 k=2   l=[70, 20] 0.5s (plan 0.5s)
[631] ok                 k=1   l=[10] 0.2s (plan 0.2s)
[632] ok                 k=3   l=[10, 20, 20] 0.6s (plan 0.6s)
[633] ok                 k=1   l=[40] 0.2s (plan 0.2s)
[634] ok                 k=3   l=[10, 20, 10] 0.5s (plan 0.5s)
[635] ok                 k=4   l=[20, 60, 30, 30] 0.9s (plan 0.9s)
[636] ok                 k=1   l=[20] 0.2s (plan 0.2s)
[637] ok                 k=6   l=[20, 10, 20, 30, 40, 20] 1.3s (plan 1.3s)
[638] ok                 k=1   l=[10] 0.2s (plan 0.2s)
[639] ok                 k=1   l=[20] 0.2s (plan 0.2s)
[640] ok                 k=1   l=[20] 0.2s (plan 0.2s)
[641] ok                 k=2   l=[30, 20] 0.3s (plan 0.3s)
[642] ok                 k=9   l=[50, 50, 40, 50, 50, 50, 50, 50, 30] 1.6s (plan 1.6s)
[643] ok                 k=1   l=[10] 0.2s (plan 0.2s)
[644] ok                 k=2   l=[20, 10] 0.4s (plan 0.4s)
[645] ok                 k=6   l=[10, 20, 30, 30, 30, 10] 1.0s (plan 1.0s)
[646] ok                 k=1   l=[20] 0.2s (plan 0.2s)
[647] ok                 k=2   l=[60, 20] 0.4s (plan 0.4s)
[648] ok                 k=6   l=[30, 20, 20, 30, 20, 20] 1.5s (plan 1.5s)
[649] ok                 k=2   l=[50, 60] 0.4s (plan 0.4s)
[650] ok                 k=4   l=[60, 240, 110, 50] 0.8s (plan 0.8s)
[651] ok                 k=2   l=[10, 30] 0.3s (plan 0.3s)
[652] ok                 k=2   l=[40, 50] 0.5s (plan 0.5s)
[653] ok                 k=3   l=[30, 40, 100] 0.7s (plan 0.7s)
[654] ok                 k=9   l=[30, 20, 20, 40, 10, 10, 20, 20, 20] 2.3s (plan 2.3s)
[655] ok                 k=5   l=[30, 60, 40, 100, 50] 0.9s (plan 0.9s)
[656] ok                 k=2   l=[30, 10] 0.4s (plan 0.4s)
[657] ok                 k=3   l=[20, 30, 50] 0.5s (plan 0.5s)
[658] ok                 k=1   l=[10] 0.2s (plan 0.2s)
[659] ok                 k=2   l=[10, 70] 0.4s (plan 0.4s)
[660] ok                 k=1   l=[30] 0.3s (plan 0.3s)
[661] ok                 k=1   l=[10] 0.2s (plan 0.2s)
[662] ok                 k=2   l=[10, 10] 0.4s (plan 0.4s)
[663] ok                 k=2   l=[30, 40] 0.3s (plan 0.3s)
[664] ok                 k=5   l=[30, 30, 20, 20, 20] 1.2s (plan 1.2s)
[665] ok                 k=1   l=[70] 0.2s (plan 0.2s)
[666] ok                 k=3   l=[30, 10, 20] 0.5s (plan 0.5s)
[667] ok                 k=1   l=[10] 0.2s (plan 0.2s)
[668] ok                 k=2   l=[20, 30] 0.3s (plan 0.3s)
[669] ok                 k=1   l=[20] 0.2s (plan 0.2s)
[670] ok                 k=1   l=[10] 0.2s (plan 0.2s)
[671] ok                 k=1   l=[30] 0.2s (plan 0.2s)
[672] ok                 k=1   l=[10] 0.2s (plan 0.2s)
[673] ok                 k=2   l=[20, 40] 0.3s (plan 0.3s)
[674] ok                 k=1   l=[20] 0.2s (plan 0.2s)
[675] ok                 k=4   l=[10, 10, 10, 10] 0.6s (plan 0.6s)
[676] ok                 k=1   l=[50] 0.2s (plan 0.2s)
[677] ok                 k=2   l=[30, 50] 0.4s (plan 0.4s)
[678] ok                 k=3   l=[30, 30, 40] 0.6s (plan 0.6s)
[679] ok                 k=1   l=[10] 0.2s (plan 0.2s)
[680] ok                 k=2   l=[80, 70] 0.3s (plan 0.3s)
[681] ok                 k=4   l=[40, 20, 20, 20] 0.7s (plan 0.7s)
[682] ok                 k=1   l=[40] 0.2s (plan 0.2s)
[683] ok                 k=1   l=[20] 0.2s (plan 0.2s)
[684] ok                 k=5   l=[50, 80, 70, 50, 30] 1.0s (plan 1.0s)
[685] ok                 k=1   l=[20] 0.2s (plan 0.2s)
[686] ok                 k=6   l=[20, 50, 60, 50, 60, 60] 1.5s (plan 1.5s)
[687] ok                 k=9   l=[50, 60, 60, 50, 60, 50, 60, 50, 30] 1.6s (plan 1.6s)
[688] ok                 k=3   l=[40, 70, 40] 0.5s (plan 0.5s)
[689] ok                 k=2   l=[40, 30] 0.4s (plan 0.4s)
[690] ok                 k=1   l=[40] 0.2s (plan 0.2s)
[691] ok                 k=7   l=[70, 80, 80, 70, 70, 80, 60] 1.2s (plan 1.2s)
[692] ok                 k=3   l=[10, 50, 40] 0.5s (plan 0.5s)
[693] ok                 k=1   l=[10] 0.3s (plan 0.3s)
[694] ok                 k=1   l=[30] 0.2s (plan 0.2s)
[695] ok                 k=2   l=[50, 70] 0.4s (plan 0.4s)
[696] ok                 k=5   l=[20, 30, 40, 50, 30] 0.9s (plan 0.9s)
[697] ok                 k=1   l=[100] 0.2s (plan 0.2s)
[698] ok                 k=1   l=[30] 0.2s (plan 0.2s)
[699] ok                 k=1   l=[60] 0.2s (plan 0.2s)
[700] ok                 k=2   l=[10, 50] 0.4s (plan 0.3s)
[701] ok                 k=2   l=[70, 80] 0.3s (plan 0.3s)
[702] ok                 k=2   l=[70, 90] 0.4s (plan 0.4s)
[703] ok                 k=2   l=[20, 10] 0.4s (plan 0.4s)
[704] ok                 k=4   l=[30, 30, 30, 40] 0.7s (plan 0.7s)
[705] ok                 k=2   l=[10, 50] 0.4s (plan 0.3s)
[706] ok                 k=6   l=[10, 10, 20, 30, 40, 50] 1.2s (plan 1.2s)
[707] ok                 k=3   l=[30, 20, 30] 0.6s (plan 0.6s)
[708] ok                 k=1   l=[10] 0.3s (plan 0.3s)
[709] ok                 k=1   l=[30] 0.2s (plan 0.2s)
[710] ok                 k=2   l=[10, 70] 0.4s (plan 0.4s)
[711] ok                 k=1   l=[10] 0.2s (plan 0.2s)
[712] ok                 k=2   l=[40, 10] 0.4s (plan 0.4s)
[713] ok                 k=1   l=[10] 0.2s (plan 0.2s)
[714] ok                 k=2   l=[10, 40] 0.4s (plan 0.4s)
[715] ok                 k=2   l=[30, 30] 0.3s (plan 0.3s)
[716] ok                 k=2   l=[30, 40] 0.4s (plan 0.4s)
[717] ok                 k=2   l=[20, 80] 0.3s (plan 0.3s)
[718] ok                 k=2   l=[10, 30] 0.3s (plan 0.3s)
[719] ok                 k=6   l=[30, 40, 40, 50, 40, 40] 1.0s (plan 1.0s)
[720] ok                 k=1   l=[20] 0.2s (plan 0.2s)
[721] ok                 k=1   l=[70] 0.2s (plan 0.2s)
[722] ok                 k=2   l=[10, 20] 0.3s (plan 0.3s)
[723] ok                 k=1   l=[70] 0.2s (plan 0.2s)
[724] ok                 k=2   l=[40, 30] 0.4s (plan 0.4s)
[725] ok                 k=10  l=[30, 40, 40, 40, 40, 40, 40, 40, 30, 20] 1.7s (plan 1.7s)
[726] ok                 k=1   l=[30] 0.2s (plan 0.2s)
[727] ok                 k=1   l=[30] 0.2s (plan 0.2s)
[728] ok                 k=8   l=[20, 30, 30, 30, 30, 30, 30, 20] 1.3s (plan 1.3s)
[729] ok                 k=1   l=[80] 0.2s (plan 0.2s)
[730] ok                 k=1   l=[70] 0.2s (plan 0.2s)
[731] ok                 k=11  l=[30, 10, 20, 30, 40, 50, 60, 70, 80, 90, 100] 2.2s (plan 2.2s)
[732] ok                 k=1   l=[30] 0.2s (plan 0.2s)
[733] ok                 k=1   l=[40] 0.2s (plan 0.2s)
[734] ok                 k=1   l=[20] 0.2s (plan 0.2s)
[735] ok                 k=1   l=[50] 0.2s (plan 0.2s)
[736] ok                 k=1   l=[40] 0.2s (plan 0.2s)
[737] ok                 k=3   l=[30, 60, 70] 0.7s (plan 0.7s)
[738] ok                 k=1   l=[40] 0.2s (plan 0.2s)
[739] ok                 k=2   l=[60, 10] 0.4s (plan 0.4s)
[740] ok                 k=7   l=[30, 10, 20, 30, 40, 50, 60] 1.4s (plan 1.4s)
[741] ok                 k=4   l=[20, 70, 70, 50] 0.8s (plan 0.8s)
[742] ok                 k=1   l=[30] 0.2s (plan 0.2s)
[743] ok                 k=1   l=[20] 0.2s (plan 0.2s)
[744] ok                 k=1   l=[70] 0.2s (plan 0.2s)
[745] ok                 k=6   l=[100, 90, 120, 100, 110, 60] 1.3s (plan 1.3s)
[746] ok                 k=3   l=[40, 70, 40] 0.5s (plan 0.5s)
[747] ok                 k=8   l=[20, 30, 30, 30, 30, 30, 10, 30] 1.5s (plan 1.5s)
[748] ok                 k=1   l=[20] 0.2s (plan 0.2s)
[749] ok                 k=2   l=[60, 20] 0.4s (plan 0.4s)
[750] ok                 k=3   l=[40, 80, 50] 0.5s (plan 0.5s)
[751] ok                 k=6   l=[30, 30, 40, 30, 50, 40] 1.0s (plan 1.0s)
[752] ok                 k=1   l=[20] 0.2s (plan 0.2s)
[753] ok                 k=1   l=[20] 0.2s (plan 0.2s)
[754] ok                 k=1   l=[20] 0.2s (plan 0.2s)
[755] ok                 k=1   l=[40] 0.2s (plan 0.2s)
[756] ok                 k=13  l=[30, 50, 40, 40, 40, 40, 40, 50, 50, 40, 40, 40, 20] 2.8s (plan 2.8s)
[757] ok                 k=3   l=[40, 70, 60] 0.6s (plan 0.6s)
[758] ok                 k=2   l=[70, 30] 0.5s (plan 0.5s)
[759] ok                 k=2   l=[30, 20] 0.4s (plan 0.4s)
[760] ok                 k=1   l=[30] 0.2s (plan 0.2s)
[761] ok                 k=2   l=[70, 70] 0.5s (plan 0.5s)
[762] ok                 k=6   l=[30, 40, 30, 30, 30, 40] 1.2s (plan 1.2s)
[763] ok                 k=4   l=[20, 100, 100, 70] 0.8s (plan 0.8s)
[764] ok                 k=5   l=[30, 70, 70, 40, 50] 1.0s (plan 1.0s)
[765] ok                 k=1   l=[30] 0.2s (plan 0.2s)
[766] ok                 k=4   l=[20, 20, 40, 60] 0.8s (plan 0.8s)
[767] ok                 k=5   l=[40, 60, 40, 50, 50] 0.9s (plan 0.9s)
[768] ok                 k=2   l=[20, 90] 0.5s (plan 0.5s)
[769] ok                 k=2   l=[30, 50] 0.4s (plan 0.4s)
[770] ok                 k=2   l=[20, 20] 0.4s (plan 0.4s)
[771] ok                 k=1   l=[20] 0.2s (plan 0.2s)
[772] ok                 k=1   l=[60] 0.2s (plan 0.2s)
[773] ok                 k=1   l=[90] 0.2s (plan 0.2s)
[774] ok                 k=1   l=[50] 0.2s (plan 0.2s)
[775] ok                 k=3   l=[30, 20, 20] 0.6s (plan 0.6s)
[776] ok                 k=3   l=[20, 10, 40] 0.5s (plan 0.5s)
[777] ok                 k=2   l=[30, 40] 0.4s (plan 0.4s)
[778] ok                 k=2   l=[20, 70] 0.4s (plan 0.4s)
[779] ok                 k=4   l=[20, 30, 30, 30] 0.6s (plan 0.6s)
[780] ok                 k=1   l=[70] 0.2s (plan 0.2s)
[781] ok                 k=1   l=[70] 0.2s (plan 0.2s)
[782] ok                 k=2   l=[20, 40] 0.4s (plan 0.4s)
[783] ok                 k=4   l=[20, 10, 40, 30] 0.7s (plan 0.7s)
[784] ok                 k=4   l=[20, 20, 20, 20] 0.6s (plan 0.6s)
[785] ok                 k=2   l=[40, 10] 0.3s (plan 0.3s)
[786] ok                 k=1   l=[50] 0.2s (plan 0.2s)
[787] ok                 k=2   l=[30, 40] 0.3s (plan 0.3s)
[788] ok                 k=2   l=[70, 20] 0.4s (plan 0.4s)
[789] ok                 k=3   l=[10, 40, 70] 0.8s (plan 0.8s)
[790] ok                 k=1   l=[40] 0.2s (plan 0.2s)
[791] ok                 k=2   l=[40, 30] 0.4s (plan 0.4s)
[792] ok                 k=4   l=[30, 10, 20, 30] 0.8s (plan 0.8s)
[793] ok                 k=3   l=[10, 20, 20] 0.5s (plan 0.5s)
[794] ok                 k=1   l=[20] 0.2s (plan 0.2s)
[795] ok                 k=6   l=[40, 60, 50, 50, 50, 10] 1.0s (plan 1.0s)
[796] ok                 k=7   l=[40, 60, 50, 60, 50, 40, 30] 1.2s (plan 1.2s)
[797] ok                 k=1   l=[40] 0.2s (plan 0.2s)
[798] ok                 k=5   l=[60, 70, 120, 50, 40] 1.0s (plan 1.0s)
[799] ok                 k=6   l=[60, 60, 70, 60, 50, 10] 1.1s (plan 1.1s)
[800] ok                 k=8   l=[70, 70, 60, 60, 70, 60, 70, 60] 1.7s (plan 1.7s)
[801] ok                 k=2   l=[10, 70] 0.3s (plan 0.3s)
[802] ok                 k=6   l=[100, 80, 100, 80, 60, 80] 1.1s (plan 1.1s)
[803] ok                 k=5   l=[40, 70, 100, 100, 90] 1.0s (plan 1.0s)
[804] ok                 k=8   l=[10, 70, 70, 70, 70, 70, 70, 70] 1.4s (plan 1.4s)
