[audit] device=cuda dtype=torch.bfloat16 mode=full length_scale=None
The argument `trust_remote_code` is to be used with Auto classes. It has no effect here and is ignored.
Loading checkpoint shards:   0%|          | 0/4 [00:00<?, ?it/s]Loading checkpoint shards:  25%|██▌       | 1/4 [00:00<00:00,  8.96it/s]Loading checkpoint shards:  75%|███████▌  | 3/4 [00:00<00:00, 10.15it/s]Loading checkpoint shards: 100%|██████████| 4/4 [00:00<00:00, 10.38it/s]
/home/ckim151/planned-diffusion/.venv/lib/python3.12/site-packages/transformers/generation/configuration_utils.py:629: UserWarning: `do_sample` is set to `False`. However, `temperature` is set to `0.0` -- this flag is only used in sample-based generation modes. You should set `do_sample=True` or unset `temperature`. This was detected when initializing the generation config instance, which means the corresponding file may hold incorrect parameterization and should be fixed.
  warnings.warn(
/home/ckim151/planned-diffusion/.venv/lib/python3.12/site-packages/transformers/generation/configuration_utils.py:629: UserWarning: `do_sample` is set to `False`. However, `temperature` is set to `0.0` -- this flag is only used in sample-based generation modes. You should set `do_sample=True` or unset `temperature`.
  warnings.warn(
[audit] 0 already done in audit/results/r2_control_sr0.5.jsonl
[0] ok                 k=1   l=[50] 57.7s (plan 56.9s)
[20] ok                 k=2   l=[40, 10] 7.4s (plan 2.5s)
[40] ok                 k=3   l=[10, 20, 30] 1.0s (plan 0.6s)
[60] ok                 k=1   l=[10] 2.3s (plan 0.9s)
[80] ok                 k=8   l=[40, 40, 40, 40, 40, 40, 40, 20] 2.7s (plan 1.6s)
[100] ok                 k=1   l=[60] 10.9s (plan 1.2s)
[120] ok                 k=2   l=[20, 40] 1.0s (plan 0.4s)
[140] ok                 k=2   l=[30, 50] 2.9s (plan 0.8s)
[160] ok                 k=2   l=[20, 10] 4.2s (plan 1.5s)
[180] ok                 k=11  l=[40, 10, 20, 30, 40, 50, 60, 70, 80, 90, 100] 13.6s (plan 4.0s)
[200] ok                 k=1   l=[40] 3.8s (plan 1.3s)
[220] ok                 k=7   l=[20, 20, 100, 70, 60, 70, 100] 4.6s (plan 1.3s)
[240] ok                 k=1   l=[20] 3.4s (plan 1.9s)
[260] ok                 k=4   l=[40, 20, 20, 30] 1.4s (plan 0.7s)
[280] ok                 k=1   l=[60] 6.4s (plan 2.0s)
[300] ok                 k=1   l=[30] 8.5s (plan 1.7s)
[320] ok                 k=2   l=[40, 60] 8.8s (plan 3.0s)
[340] ok                 k=2   l=[20, 40] 1.0s (plan 0.3s)
[360] ok                 k=1   l=[30] 7.2s (plan 3.2s)
[380] ok                 k=3   l=[70, 50, 20] 5.1s (plan 1.8s)
[400] ok                 k=2   l=[30, 20] 2.6s (plan 1.3s)
[420] ok                 k=2   l=[20, 10] 2.4s (plan 1.2s)
[440] ok                 k=2   l=[20, 40] 1.0s (plan 0.4s)
[460] ok                 k=4   l=[30, 10, 20, 30] 1.2s (plan 0.7s)
[480] ok                 k=5   l=[10, 70, 60, 50, 40] 2.4s (plan 0.8s)
[500] ok                 k=1   l=[30] 5.5s (plan 2.1s)
[520] ok                 k=4   l=[40, 40, 40, 40] 20.1s (plan 0.9s)
[540] ok                 k=2   l=[30, 40] 1.1s (plan 0.4s)
[560] ok                 k=1   l=[20] 1.7s (plan 0.4s)
[580] ok                 k=1   l=[40] 15.9s (plan 6.6s)
[600] ok                 k=2   l=[10, 30] 0.9s (plan 0.4s)
[620] ok                 k=1   l=[10] 0.4s (plan 0.2s)
[640] ok                 k=1   l=[20] 0.5s (plan 0.2s)
[660] ok                 k=1   l=[30] 0.7s (plan 0.3s)
[680] ok                 k=2   l=[80, 70] 1.9s (plan 0.3s)
[700] ok                 k=2   l=[10, 50] 4.9s (plan 0.9s)
[720] ok                 k=1   l=[20] 0.5s (plan 0.2s)
[740] ok                 k=7   l=[30, 10, 20, 30, 40, 50, 60] 11.2s (plan 3.8s)
[760] ok                 k=1   l=[30] 5.4s (plan 1.7s)
[780] ok                 k=1   l=[70] 4.2s (plan 0.7s)
